
LAB08-PC20@DESKTOP-0GT90B6 MINGW64 ~
$ cd .

LAB08-PC20@DESKTOP-0GT90B6 MINGW64 ~
$ cd c:

LAB08-PC20@DESKTOP-0GT90B6 MINGW64 /c
$ git clone https://github.com/J0SEGP/examen.git
Cloning into 'examen'...
remote: Enumerating objects: 3, done.
remote: Counting objects: 100% (3/3), done.
remote: Total 3 (delta 0), reused 0 (delta 0), pack-reused 0
Receiving objects: 100% (3/3), done.

LAB08-PC20@DESKTOP-0GT90B6 MINGW64 /c
$ cd examen

LAB08-PC20@DESKTOP-0GT90B6 MINGW64 /c/examen (main)
$ git branch produccion

LAB08-PC20@DESKTOP-0GT90B6 MINGW64 /c/examen (main)
$ git branch ventas

LAB08-PC20@DESKTOP-0GT90B6 MINGW64 /c/examen (main)
$ git branch recurso_humano

LAB08-PC20@DESKTOP-0GT90B6 MINGW64 /c/examen (main)
$ git branch
* main
  produccion
  recurso_humano
  ventas

LAB08-PC20@DESKTOP-0GT90B6 MINGW64 /c/examen (main)
$ git checkout produccion
Switched to branch 'produccion'

LAB08-PC20@DESKTOP-0GT90B6 MINGW64 /c/examen (produccion)
$ git status
On branch produccion
Untracked files:
  (use "git add <file>..." to include in what will be committed)
        imagenproducto.jpg
        materia prima.txt
        produccionfinal.txt

nothing added to commit but untracked files present (use "git add" to track)

LAB08-PC20@DESKTOP-0GT90B6 MINGW64 /c/examen (produccion)
$ git add .

LAB08-PC20@DESKTOP-0GT90B6 MINGW64 /c/examen (produccion)
$ git commit -m "agregando cosas a produccion"
[produccion c2e9e73] agregando cosas a produccion
 3 files changed, 2 insertions(+)
 create mode 100644 imagenproducto.jpg
 create mode 100644 materia prima.txt
 create mode 100644 produccionfinal.txt

LAB08-PC20@DESKTOP-0GT90B6 MINGW64 /c/examen (produccion)
$ git push
fatal: The current branch produccion has no upstream branch.
To push the current branch and set the remote as upstream, use

    git push --set-upstream origin produccion

To have this happen automatically for branches without a tracking
upstream, see 'push.autoSetupRemote' in 'git help config'.


LAB08-PC20@DESKTOP-0GT90B6 MINGW64 /c/examen (produccion)
$ git push --set-upstream origin produccion
Enumerating objects: 6, done.
Counting objects: 100% (6/6), done.
Delta compression using up to 8 threads
Compressing objects: 100% (3/3), done.
Writing objects: 100% (5/5), 11.57 KiB | 11.57 MiB/s, done.
Total 5 (delta 0), reused 0 (delta 0), pack-reused 0
remote:
remote: Create a pull request for 'produccion' on GitHub by visiting:
remote:      https://github.com/J0SEGP/examen/pull/new/produccion
remote:
To https://github.com/J0SEGP/examen.git
 * [new branch]      produccion -> produccion
branch 'produccion' set up to track 'origin/produccion'.

LAB08-PC20@DESKTOP-0GT90B6 MINGW64 /c/examen (produccion)
$ git status
On branch produccion
Your branch is up to date with 'origin/produccion'.

nothing to commit, working tree clean

LAB08-PC20@DESKTOP-0GT90B6 MINGW64 /c/examen (produccion)
$ git checkout ventas
Switched to branch 'ventas'

LAB08-PC20@DESKTOP-0GT90B6 MINGW64 /c/examen (ventas)
$ git status
On branch ventas
Untracked files:
  (use "git add <file>..." to include in what will be committed)
        tiendas.txt

nothing added to commit but untracked files present (use "git add" to track)

LAB08-PC20@DESKTOP-0GT90B6 MINGW64 /c/examen (ventas)
$ git add .

LAB08-PC20@DESKTOP-0GT90B6 MINGW64 /c/examen (ventas)
$ git commit -m "tiendas lista"
[ventas b13f1c1] tiendas lista
 1 file changed, 3 insertions(+)
 create mode 100644 tiendas.txt

LAB08-PC20@DESKTOP-0GT90B6 MINGW64 /c/examen (ventas)
$ git push
fatal: The current branch ventas has no upstream branch.
To push the current branch and set the remote as upstream, use

    git push --set-upstream origin ventas

To have this happen automatically for branches without a tracking
upstream, see 'push.autoSetupRemote' in 'git help config'.


LAB08-PC20@DESKTOP-0GT90B6 MINGW64 /c/examen (ventas)
$     git push --set-upstream origin ventas
Enumerating objects: 4, done.
Counting objects: 100% (4/4), done.
Delta compression using up to 8 threads
Compressing objects: 100% (2/2), done.
Writing objects: 100% (3/3), 313 bytes | 313.00 KiB/s, done.
Total 3 (delta 0), reused 0 (delta 0), pack-reused 0
remote:
remote: Create a pull request for 'ventas' on GitHub by visiting:
remote:      https://github.com/J0SEGP/examen/pull/new/ventas
remote:
To https://github.com/J0SEGP/examen.git
 * [new branch]      ventas -> ventas
branch 'ventas' set up to track 'origin/ventas'.

LAB08-PC20@DESKTOP-0GT90B6 MINGW64 /c/examen (ventas)
$ git status
On branch ventas
Your branch is up to date with 'origin/ventas'.

nothing to commit, working tree clean

LAB08-PC20@DESKTOP-0GT90B6 MINGW64 /c/examen (ventas)
$ git checkout recurso_humano
Switched to branch 'recurso_humano'

LAB08-PC20@DESKTOP-0GT90B6 MINGW64 /c/examen (recurso_humano)
$ git status
On branch recurso_humano
Untracked files:
  (use "git add <file>..." to include in what will be committed)
        empleados.txt

nothing added to commit but untracked files present (use "git add" to track)

LAB08-PC20@DESKTOP-0GT90B6 MINGW64 /c/examen (recurso_humano)
$ git add .

LAB08-PC20@DESKTOP-0GT90B6 MINGW64 /c/examen (recurso_humano)
$ git commit -m "nuevos empleados"
[recurso_humano 75c0e20] nuevos empleados
 1 file changed, 5 insertions(+)
 create mode 100644 empleados.txt

LAB08-PC20@DESKTOP-0GT90B6 MINGW64 /c/examen (recurso_humano)
$ git push
fatal: The current branch recurso_humano has no upstream branch.
To push the current branch and set the remote as upstream, use

    git push --set-upstream origin recurso_humano

To have this happen automatically for branches without a tracking
upstream, see 'push.autoSetupRemote' in 'git help config'.


LAB08-PC20@DESKTOP-0GT90B6 MINGW64 /c/examen (recurso_humano)
$     git push --set-upstream origin recurso_humano
Enumerating objects: 4, done.
Counting objects: 100% (4/4), done.
Delta compression using up to 8 threads
Compressing objects: 100% (3/3), done.
Writing objects: 100% (3/3), 346 bytes | 346.00 KiB/s, done.
Total 3 (delta 0), reused 0 (delta 0), pack-reused 0
remote:
remote: Create a pull request for 'recurso_humano' on GitHub by visiting:
remote:      https://github.com/J0SEGP/examen/pull/new/recurso_humano
remote:
To https://github.com/J0SEGP/examen.git
 * [new branch]      recurso_humano -> recurso_humano
branch 'recurso_humano' set up to track 'origin/recurso_humano'.

LAB08-PC20@DESKTOP-0GT90B6 MINGW64 /c/examen (recurso_humano)
$ git checkout main
Switched to branch 'main'
Your branch is up to date with 'origin/main'.

LAB08-PC20@DESKTOP-0GT90B6 MINGW64 /c/examen (main)
$ git merge produccion
Updating e4cfa3f..c2e9e73
Fast-forward
 imagenproducto.jpg  | Bin 0 -> 11439 bytes
 materia prima.txt   |   1 +
 produccionfinal.txt |   1 +
 3 files changed, 2 insertions(+)
 create mode 100644 imagenproducto.jpg
 create mode 100644 materia prima.txt
 create mode 100644 produccionfinal.txt

LAB08-PC20@DESKTOP-0GT90B6 MINGW64 /c/examen (main)
$ git status
On branch main
Your branch is ahead of 'origin/main' by 1 commit.
  (use "git push" to publish your local commits)

nothing to commit, working tree clean

LAB08-PC20@DESKTOP-0GT90B6 MINGW64 /c/examen (main)
$ git push
Total 0 (delta 0), reused 0 (delta 0), pack-reused 0
To https://github.com/J0SEGP/examen.git
   e4cfa3f..c2e9e73  main -> main

LAB08-PC20@DESKTOP-0GT90B6 MINGW64 /c/examen (main)
$ git tag version1.0 -m "version 1.0"

LAB08-PC20@DESKTOP-0GT90B6 MINGW64 /c/examen (main)
$ git push --tag
Enumerating objects: 1, done.
Counting objects: 100% (1/1), done.
Writing objects: 100% (1/1), 167 bytes | 167.00 KiB/s, done.
Total 1 (delta 0), reused 0 (delta 0), pack-reused 0
To https://github.com/J0SEGP/examen.git
 * [new tag]         version1.0 -> version1.0

LAB08-PC20@DESKTOP-0GT90B6 MINGW64 /c/examen (main)
$ git checkout recurso_humano
Switched to branch 'recurso_humano'
Your branch is up to date with 'origin/recurso_humano'.

LAB08-PC20@DESKTOP-0GT90B6 MINGW64 /c/examen (recurso_humano)
$ git status
On branch recurso_humano
Your branch is up to date with 'origin/recurso_humano'.

Changes not staged for commit:
  (use "git add <file>..." to update what will be committed)
  (use "git restore <file>..." to discard changes in working directory)
        modified:   empleados.txt

no changes added to commit (use "git add" and/or "git commit -a")

LAB08-PC20@DESKTOP-0GT90B6 MINGW64 /c/examen (recurso_humano)
$ git log
commit 75c0e201a4d15defbc0304d202df9513a940c982 (HEAD -> recurso_humano, origin/recurso_humano)
Author: RicardoT0 <tic-270450@utnay.edu.mx>
Date:   Mon Jun 12 16:54:59 2023 -0700

    nuevos empleados

commit e4cfa3ff71300a8b911bad86295a99998b49461e
Author: J0SEGP <134358076+J0SEGP@users.noreply.github.com>
Date:   Mon Jun 12 16:29:48 2023 -0700

    Initial commit

LAB08-PC20@DESKTOP-0GT90B6 MINGW64 /c/examen (recurso_humano)
git: 'oneline' is not a git command. See 'git --help'.

LAB08-PC20@DESKTOP-0GT90B6 MINGW64 /c/examen (recurso_humano)
$

LAB08-PC20@DESKTOP-0GT90B6 MINGW64 /c/examen (recurso_humano)
$ git show
commit 75c0e201a4d15defbc0304d202df9513a940c982 (HEAD -> recurso_humano, origin/recurso_humano)
Author: RicardoT0 <tic-270450@utnay.edu.mx>
Date:   Mon Jun 12 16:54:59 2023 -0700

    nuevos empleados

diff --git a/empleados.txt b/empleados.txt
new file mode 100644
index 0000000..e396f20
--- /dev/null
+++ b/empleados.txt
@@ -0,0 +1,5 @@
+1. Jose Angel
+2. Carlos Guillermo
+3. Lopez
+4. Miguelito
+5. Miguel Angel
\ No newline at end of file

LAB08-PC20@DESKTOP-0GT90B6 MINGW64 /c/examen (recurso_humano)
$ git status
On branch recurso_humano
Your branch is up to date with 'origin/recurso_humano'.

Changes not staged for commit:
  (use "git add <file>..." to update what will be committed)
  (use "git restore <file>..." to discard changes in working directory)
        modified:   empleados.txt

no changes added to commit (use "git add" and/or "git commit -a")

LAB08-PC20@DESKTOP-0GT90B6 MINGW64 /c/examen (recurso_humano)
$ git add .

LAB08-PC20@DESKTOP-0GT90B6 MINGW64 /c/examen (recurso_humano)
$ git commit -m "nuevos empleados"
[recurso_humano dfb870b] nuevos empleados
 1 file changed, 6 insertions(+), 1 deletion(-)

LAB08-PC20@DESKTOP-0GT90B6 MINGW64 /c/examen (recurso_humano)
$ git push
Enumerating objects: 5, done.
Counting objects: 100% (5/5), done.
Delta compression using up to 8 threads
Compressing objects: 100% (3/3), done.
Writing objects: 100% (3/3), 390 bytes | 390.00 KiB/s, done.
Total 3 (delta 0), reused 0 (delta 0), pack-reused 0
To https://github.com/J0SEGP/examen.git
   75c0e20..dfb870b  recurso_humano -> recurso_humano

LAB08-PC20@DESKTOP-0GT90B6 MINGW64 /c/examen (recurso_humano)
$ git checkout main
Switched to branch 'main'
Your branch is up to date with 'origin/main'.

LAB08-PC20@DESKTOP-0GT90B6 MINGW64 /c/examen (main)
$ git merge recurso_humano
Merge made by the 'ort' strategy.
 empleados.txt | 10 ++++++++++
 1 file changed, 10 insertions(+)
 create mode 100644 empleados.txt

LAB08-PC20@DESKTOP-0GT90B6 MINGW64 /c/examen (main)
$ git tag version1.1 -m "version 1.1"

LAB08-PC20@DESKTOP-0GT90B6 MINGW64 /c/examen (main)
$ git push --tag
Enumerating objects: 5, done.
Counting objects: 100% (5/5), done.
Delta compression using up to 8 threads
Compressing objects: 100% (3/3), done.
Writing objects: 100% (3/3), 442 bytes | 442.00 KiB/s, done.
Total 3 (delta 1), reused 0 (delta 0), pack-reused 0
remote: Resolving deltas: 100% (1/1), completed with 1 local object.
To https://github.com/J0SEGP/examen.git
 * [new tag]         version1.1 -> version1.1

LAB08-PC20@DESKTOP-0GT90B6 MINGW64 /c/examen (main)
$ git checkout ventas
Switched to branch 'ventas'
Your branch is up to date with 'origin/ventas'.

LAB08-PC20@DESKTOP-0GT90B6 MINGW64 /c/examen (ventas)
$ git status
On branch ventas
Your branch is up to date with 'origin/ventas'.

Changes not staged for commit:
  (use "git add <file>..." to update what will be committed)
  (use "git restore <file>..." to discard changes in working directory)
        modified:   tiendas.txt

Untracked files:
  (use "git add <file>..." to include in what will be committed)
        fotos_empleados/

no changes added to commit (use "git add" and/or "git commit -a")

LAB08-PC20@DESKTOP-0GT90B6 MINGW64 /c/examen (ventas)
$ git add .

LAB08-PC20@DESKTOP-0GT90B6 MINGW64 /c/examen (ventas)
$ git commit -m "nuevos cambios en empleados"
[ventas 003c614] nuevos cambios en empleados
 6 files changed, 3 insertions(+), 1 deletion(-)
 create mode 100644 fotos_empleados/1.jpg
 create mode 100644 fotos_empleados/2.jpg
 create mode 100644 fotos_empleados/3.jpg
 create mode 100644 fotos_empleados/4.jpg
 create mode 100644 fotos_empleados/5.jpg

LAB08-PC20@DESKTOP-0GT90B6 MINGW64 /c/examen (ventas)
$ git push
Enumerating objects: 11, done.
Counting objects: 100% (11/11), done.
Delta compression using up to 8 threads
Compressing objects: 100% (9/9), done.
Writing objects: 100% (9/9), 298.15 KiB | 33.13 MiB/s, done.
Total 9 (delta 0), reused 0 (delta 0), pack-reused 0
To https://github.com/J0SEGP/examen.git
   b13f1c1..003c614  ventas -> ventas

LAB08-PC20@DESKTOP-0GT90B6 MINGW64 /c/examen (ventas)
$ git status
On branch ventas
Your branch is up to date with 'origin/ventas'.

nothing to commit, working tree clean

LAB08-PC20@DESKTOP-0GT90B6 MINGW64 /c/examen (ventas)
$ git checkout recursos_humanos
error: pathspec 'recursos_humanos' did not match any file(s) known to git

LAB08-PC20@DESKTOP-0GT90B6 MINGW64 /c/examen (ventas)
$ git branch
  main
  produccion
  recurso_humano
* ventas

LAB08-PC20@DESKTOP-0GT90B6 MINGW64 /c/examen (ventas)
$ git checkout recurso_humanos
error: pathspec 'recurso_humanos' did not match any file(s) known to git

LAB08-PC20@DESKTOP-0GT90B6 MINGW64 /c/examen (ventas)
$ git checkout recurso_humano
Switched to branch 'recurso_humano'
Your branch is up to date with 'origin/recurso_humano'.

LAB08-PC20@DESKTOP-0GT90B6 MINGW64 /c/examen (recurso_humano)
$ git add .

LAB08-PC20@DESKTOP-0GT90B6 MINGW64 /c/examen (recurso_humano)
$ git commit -m "sueldos"
[recurso_humano b68df50] sueldos
 1 file changed, 4 insertions(+)
 create mode 100644 sueldos.txt

LAB08-PC20@DESKTOP-0GT90B6 MINGW64 /c/examen (recurso_humano)
$ git push
Enumerating objects: 4, done.
Counting objects: 100% (4/4), done.
Delta compression using up to 8 threads
Compressing objects: 100% (3/3), done.
Writing objects: 100% (3/3), 385 bytes | 385.00 KiB/s, done.
Total 3 (delta 0), reused 0 (delta 0), pack-reused 0
To https://github.com/J0SEGP/examen.git
   dfb870b..b68df50  recurso_humano -> recurso_humano

LAB08-PC20@DESKTOP-0GT90B6 MINGW64 /c/examen (recurso_humano)
$ git checkout main
Switched to branch 'main'
Your branch is ahead of 'origin/main' by 3 commits.
  (use "git push" to publish your local commits)

LAB08-PC20@DESKTOP-0GT90B6 MINGW64 /c/examen (main)
$
